C51 COMPILER V9.60.7.0   KEY                                                               12/17/2025 14:08:13 PAGE 1   


C51 COMPILER V9.60.7.0, COMPILATION OF MODULE KEY
OBJECT MODULE PLACED IN .\Objects\key.obj
COMPILER INVOKED BY: D:\keil\C51\BIN\C51.EXE key.c OPTIMIZE(8,SPEED) BROWSE DEBUG OBJECTEXTEND PRINT(.\Listings\key.lst)
                    - OBJECT(.\Objects\key.obj)

line level    source

   1          #include <REGX52.H>
   2          #include "Delay.h"
   3          unsigned char key(){
   4   1              unsigned char keyNum=0;
   5   1               if(P3_0==0 || P3_1==0){
   6   2              Delay(10);
   7   2                       if(P3_0==0 || P3_1==0){
   8   3              Delay(15);
   9   3              if(P3_0==0 && P3_1==0){
  10   4                  while(P3_0==0 || P3_1==0);
  11   4                              keyNum='T';return keyNum;
  12   4              }
  13   3              else if(P3_0==0){
  14   4                  while(P3_0==0);
  15   4                              keyNum='U';return keyNum;
  16   4              }
  17   3              else if(P3_1==0){
  18   4                  while(P3_1==0);
  19   4                              keyNum='D';return keyNum;
  20   4              }
  21   3          }
  22   2          }
  23   1              return keyNum;
  24   1      }


MODULE INFORMATION:   STATIC OVERLAYABLE
   CODE SIZE        =     74    ----
   CONSTANT SIZE    =   ----    ----
   XDATA SIZE       =   ----    ----
   PDATA SIZE       =   ----    ----
   DATA SIZE        =   ----       1
   IDATA SIZE       =   ----    ----
   BIT SIZE         =   ----    ----
END OF MODULE INFORMATION.


C51 COMPILATION COMPLETE.  0 WARNING(S),  0 ERROR(S)
